Interpreter error: Argument of "replicate" is negative: -1 at line 2, column 5
