1 1 1 1 1 truetruetruetruetruec c c c c foofoofoofoofoo2 2 2 2 2