1 3 6 
-1 -3 -6 
true false false 
a a a 
a b c 
good good good 
life day time 
