Interpreter error: Attempt to divide by 0 at line 4, column 13
